Chatbot conversations


# Scenario 1: [hi]
***** Conversation 1 *****
[Customer]: hi
[     Bot]: Hi there! I'm your virtual assistant.
[     Bot]: What would you like to do today?

# Scenario 2: [hi, hi]
***** Conversation 1 *****
[Customer]: hi
[     Bot]: Hi there! I'm your virtual assistant.
[     Bot]: What would you like to do today?
[Customer]: hi
[     Bot]: Hmmm, tell me a little more so I can help you.

What would you like to do today?

# Scenario 3: [hi, hi, hi]
***** Conversation 1 *****
[Customer]: hi
[     Bot]: Hi there! I'm your virtual assistant.
[     Bot]: What would you like to do today?
[Customer]: hi
[     Bot]: Hmmm, tell me a little more so I can help you.

What would you like to do today?
[Customer]: hi
[     Bot]: Let me try to help you.
[     Bot]: Are you a customer?
[        ]:   1) Yes, I'm a customer
[        ]:   2) No, I'm not

# Scenario 4: [hi, pay bill]
***** Conversation 1 *****
[Customer]: hi
[     Bot]: Hi there! I'm your virtual assistant.
[     Bot]: What would you like to do today?
[Customer]: pay bill
[     Bot]: Let me try to help you.
[     Bot]: Are you a customer?
[        ]:   1) Yes, I'm a customer
[        ]:   2) No, I'm not

# Scenario 5: [hi, pay bill, Yes, I'm a customer]
***** Conversation 1 *****
[Customer]: hi
[     Bot]: Hi there! I'm your virtual assistant.
[     Bot]: What would you like to do today?
[Customer]: pay bill
[     Bot]: Let me try to help you.
[     Bot]: Are you a customer?
[        ]:   1) Yes, I'm a customer
[        ]:   2) No, I'm not
[Customer]: Yes, I'm a customer
[     Bot]: transfers to 'self_service'

# Scenario 6: [hi, pay bill, no]
***** Conversation 1 *****
[Customer]: hi
[     Bot]: Hi there! I'm your virtual assistant.
[     Bot]: What would you like to do today?
[Customer]: pay bill
[     Bot]: Let me try to help you.
[     Bot]: Are you a customer?
[        ]:   1) Yes, I'm a customer
[        ]:   2) No, I'm not
[Customer]: no
[     Bot]: transfers to 'operator'

# Scenario 7: [hi, talk to an operator, Yes, I'm a customer]
***** Conversation 1 *****
[Customer]: hi
[     Bot]: Hi there! I'm your virtual assistant.
[     Bot]: What would you like to do today?
[Customer]: talk to an operator
[     Bot]: Let me try to help you.
[     Bot]: Are you a customer?
[        ]:   1) Yes, I'm a customer
[        ]:   2) No, I'm not
[Customer]: Yes, I'm a customer
[     Bot]: transfers to 'operator'

